<StudentSectionAssociationIdentity>
    <StudentIdentity>
        <StudentUniqueStateId>testing</StudentUniqueStateId>
    </StudentIdentity>
    <SectionIdentity>
        <UniqueSectionCode>testing</UniqueSectionCode>
    </SectionIdentity>
</StudentSectionAssociationIdentity>