<AssessmentIdentity>
    <AssessmentIdentificationCode>
        <ID>ACT</ID>
    </AssessmentIdentificationCode>
</AssessmentIdentity>