            <StaffIdentity>
                <StaffUniqueStateId>jstevenson</StaffUniqueStateId>
            </StaffIdentity>