{
  "@id":"ID001",
  "StudentReference":{
    "StudentIdentity":{
      "StudentUniqueStateId":{"_value":"Pt_uyzV4Y0BFCjlg2d"}
    }
  },
  "ProgramReference":{
    "ProgramIdentity":{
      "ProgramId":{"_value":"OtgtFpQRYbfv__"}
    }
  },
  "Services":[{
    "@id":"ID003",
    "@ref":"ID002",
    "ShortDescription":{"_value":"x6So5.qOhsHap-r0JfU80Ap8EHnof"}
  }],
  "BeginDate":{"_value":"2014-10-04"},
  "EndDate":{"_value":"2013-10-05"},
  "ReasonExited":{"_value":"Died or is permanently incapacitated"},
  "EducationOrganizationReference":{
    "EducationalOrgIdentity":{
      "StateOrganizationId":{"_value":"c88eM1JuQv07CD1r4ssi3Jng"}
    }
  }
}