{
  "a_id":"ID001",
  "StaffUniqueStateId":{"_value":"jid"},
  "StaffIdentificationCode":[
    {
      "a_IdentificationSystem":"Other",
      "a_AssigningOrganizationCode":"XsvxgaU-lQMmrc",
      "ID":{"_value":"FY7pYFphxGIOX_hWdB1QjR0Oi8FDiyacd3D0HNDhTMPk"}
    },
    {
      "a_IdentificationSystem":"Selective Service",
      "a_AssigningOrganizationCode":"b935pSsIDpo8ejef7YIN-Bvs_Ym8s2rs",
      "ID":{"_value":"BA"}
    },
    {
      "a_IdentificationSystem":"Medicaid",
      "a_AssigningOrganizationCode":"DBrJTRtja",
      "ID":{"_value":"CsJnQKpdweS-2.kAmGG7ja2cqFXSlqHgWK_I37Gt5_"}
    },
    {
      "a_IdentificationSystem":"State",
      "a_AssigningOrganizationCode":"vSdkptbIICoQpSDtzVKZqTiPEcd0KAkEJ6o1gn-Xu6ueC9HAm9YvIR9",
      "ID":{"_value":"t2VbBUTI3CcqV88FDZf"}
    },
    {
      "a_IdentificationSystem":"State",
      "a_AssigningOrganizationCode":"AAOSqLqGH51zHGg_yDwixy_x9FQlco9WaBZI2DJC",
      "ID":{"_value":"xrVrJgG19E1Bq"}
    },
    {
      "a_IdentificationSystem":"State",
      "a_AssigningOrganizationCode":"Etz1JKzRi1W995.",
      "ID":{"_value":"pkIAY-3-wG9wgVhzJbxGRXt"}
    }
  ],
  "Name":{
    "a_Verification":"Entry in family Bible",
    "PersonalTitlePrefix":{"_value":"Sr"},
    "FirstName":{"_value":"db3zAfA67B1y0OeFvA8buB8pwyN2EF8b8Er9JW_.Wc.i36h-lze."},
    "MiddleName":{"_value":"T8X.4ot5vZ03DkuYefafN_We3xlcVcH5Cc2Vu8drU"},
    "LastSurname":{"_value":"S-BI8vWaa"},
    "GenerationCodeSuffix":{"_value":"III"},
    "MaidenName":{"_value":"agQvPuyyVSKyfH1jhfTrWoU0JyLwgDdQSpIHuHs0nX"}
  },
  "OtherName":[
    {
      "a_OtherNameType":"Other Name",
      "PersonalTitlePrefix":{"_value":"Sr"},
      "FirstName":{"_value":"mwE13lY6b-EsVt3kdYM5G5cDkp9"},
      "MiddleName":{"_value":"fXTd."},
      "LastSurname":{"_value":"M8jyw_mCRYtRkYjDbQcVF7wgioNTYPSPAgbt3Y"},
      "GenerationCodeSuffix":{"_value":"III"}
    },
    {
      "a_OtherNameType":"Previous Legal Name",
      "PersonalTitlePrefix":{"_value":"Dr"},
      "FirstName":{"_value":"ErvwIzMENpHYtaqq8_qJqk-1hXni9hlTuxjHm2GyJhy"},
      "MiddleName":{"_value":"iwRhqDkD78JKl"},
      "LastSurname":{"_value":"k_HTgsxXfZa6xYrseHW7VDcSFFPhYlmvAXhjPdFox"},
      "GenerationCodeSuffix":{"_value":"Sr"}
    },
    {
      "a_OtherNameType":"Alias",
      "PersonalTitlePrefix":{"_value":"Reverend"},
      "FirstName":{"_value":"aaWR4TUg2tnlsfsr_"},
      "MiddleName":{"_value":"XU_lGGYnQfHgU2Pb.iVItkUWIWP4sKvbU2"},
      "LastSurname":{"_value":"a7TPGd597iX1MJrN0LJdwYbFrwf-eVci"},
      "GenerationCodeSuffix":{"_value":"Sr"}
    },
    {
      "a_OtherNameType":"Alias",
      "PersonalTitlePrefix":{"_value":"Colonel"},
      "FirstName":{"_value":"XbU"},
      "MiddleName":{"_value":"CJMyqRemgv0Evo79BMPyyQbZ7l3-Yc-eU-HRi5"},
      "LastSurname":{"_value":"YjycERoA2Jq7ZMx6tQZ.FOH-xelNf-rfkpNeRCcvaxrDV0TvbZns11Ge"},
      "GenerationCodeSuffix":{"_value":"Sr"}
    },
    {
      "a_OtherNameType":"Nickname",
      "PersonalTitlePrefix":{"_value":"Mr"},
      "FirstName":{"_value":"sjuZwErh5UTDVWUKeN0-ToM"},
      "MiddleName":{"_value":"Als2gNa5Z5s3j-RHnK5E521A7sRO9qox4L_-XO7Adv0RE7d2560lMT5gZf"},
      "LastSurname":{"_value":"WsmZ8-GopvnytnPIYIxjUxDtwk_huFslnWNagELuuVA"},
      "GenerationCodeSuffix":{"_value":"V"}
    },
    {
      "a_OtherNameType":"Nickname",
      "PersonalTitlePrefix":{"_value":"Colonel"},
      "FirstName":{"_value":"L9rNjFkHeSOcv.LD7qun_ICtdpOASuy4Y6Nusrav4oVETiaemJRPRad.H"},
      "MiddleName":{"_value":"ukqqlN72LdUIV216sDU"},
      "LastSurname":{"_value":"y7gygOu"},
      "GenerationCodeSuffix":{"_value":"III"}
    }
  ],
  "Sex":{"_value":"Male"},
  "BirthDate":{"_value":"2014-12-07"},
  "Address":[
    {
      "a_AddressType":"Temporary",
      "AddressLine":[
        {"_value":"UotmaUMILTnlLooKsxp01rI4Hps.G_QMBcZd1gEd9dcfAu-E7y-7kxAB"},
        {"_value":"aA4ZvcWWooHlFUE3sunn.b"},
        {"_value":"tb7KuDv3HS"},
        {"_value":"Dv0AIoSxOYfbW7En5cjAygtE"},
        {"_value":"iXiNIc"},
        {"_value":"JYmySOfrrQ2cF6lTVQ1zYKBdWEf6oVqokM7ZLfFcMVgamBAdN6DSmiZDY3aUt.iqjK7I"}
      ],
      "Country":{"_value":"AZERBAIJAN"},
      "Latitude":{"_value":"viDO"},
      "Longitude":{"_value":"VRnzH"},
      "BeginDate":{"_value":"2014-07-22"},
      "EndDate":{"_value":"2015-01-27"}
    },
    {
      "a_AddressType":"Temporary",
      "StreetNumberName":{"_value":"W1NHgdPLrjDAGqZ3iVnhPMXjssgutIZHAnQo"},
      "ApartmentRoomSuiteNumber":{"_value":"DuumODJkWFqXM_CUR"},
      "BuildingSiteNumber":{"_value":"Yfn"},
      "City":{"_value":"ZCaKi_T-6td1g9QdxMtTNyBzAyKHU"},
      "StateAbbreviation":{"_value":"ND"},
      "PostalCode":{"_value":"nwZLcXfEJWpb0zYM"},
      "NameOfCounty":{"_value":"J04LnUzjUoZpVcyMbr"},
      "CountyFIPSCode":{"_value":"E7c8"},
      "Latitude":{"_value":"C"},
      "Longitude":{"_value":"iziFP15hlRyJKWJ"},
      "BeginDate":{"_value":"2014-07-30"},
      "EndDate":{"_value":"2013-08-23"}
    },
    {
      "a_AddressType":"Home",
      "AddressLine":[
        {"_value":"gAy.mv-XGsrPcxz4cdF5oq8IqxmkP2zGwcXb_B38gKk"},
        {"_value":"MnhnbDphrQAiZpyC2LfmFIZ6q-oKi92t7V9FMQYAARwU0EwB.qf84d9dUh425n_.gMzRhJHIH.kPUKXMvhiA2"},
        {"_value":"KtsPTBLjwFe-y61Hajq536S9efb2fK0f5NeIyiAHvIWvhZwmMOMit3XaWveOrxdnBe0frZK6ma1wsmagRGsn2GsGd1CKa-wH.OyULxcelOSrELQe0A9PGnNJIO"},
        {"_value":"T2tUhazFORQM-.-i29ZT4IM_wu6Y0ecG3iVeAcDe"},
        {"_value":"ep"},
        {"_value":"cX3fAov4WltYWLPF3Jm5wpURD.mU850QLspFAFHF-6..4"}
      ],
      "Country":{"_value":"DOMINICAN REPUBLIC"},
      "Latitude":{"_value":"MQ2"},
      "Longitude":{"_value":"jM_EBdpP3F.ZTI"},
      "BeginDate":{"_value":"2013-06-08"},
      "EndDate":{"_value":"2015-02-03"}
    },
    {
      "a_AddressType":"Temporary",
      "AddressLine":[
        {"_value":"ea87PSUiPip6SW6AsKP6EYoHL5"},
        {"_value":"OPXn"},
        {"_value":"HjYxXAK5r6VFrpqyHVdbkJegf2BHaqkja1qJEdwh.xxC"},
        {"_value":"xcUpPZvlhr.Lia4tvBHI8-1"},
        {"_value":"qcHEpQ1_JGwUt3h52nFPfvYTL7IUAJVlruEA4vf2O.wzQzC1JwKG_WSsu.UInKf0FDJ76HQ.HXDv14xwlz"},
        {"_value":"ft-qyiUvj-BmK8.BPxuu5Dp-z1Qzz3N9QKYmQHVoDXwBQiH6wMojizt0nb_9TdFYmrpRd_L7IhlHf9QmTCqQUT0Nbk0WmtTl7xFpIhZFA-OTAT3OZNQFanSmcY4"}
      ],
      "Country":{"_value":"ZAMBIA"},
      "Latitude":{"_value":"UE5d9iCc"},
      "Longitude":{"_value":"Hf"},
      "BeginDate":{"_value":"2014-05-03"},
      "EndDate":{"_value":"2013-09-25"}
    },
    {
      "a_AddressType":"Physical",
      "AddressLine":[
        {"_value":"iPN2vXC8QE2owr40xKfqgvk.rz4Wy0KBd3jpbDQjC9Eoz9flygUGulJ7bJ_0Ba04Va7pKVS"},
        {"_value":"Q.aT"},
        {"_value":"sNVJrJfDFsm_hQW64DS"},
        {"_value":"lJOs-kDFr9WhYgcv-bL8IRLnZPXiUsXY_w7qbjK1K8b.mB82VE"},
        {"_value":"iZk7lZrBnx9M0hoRoUTCGDlX_pRD2z6sCSRbEI_06uS-59PfwlHiuksDJLUdSD25R-kyh2yMYAxX4F17xLjClz7e..Gjdi2djbJ1"},
        {"_value":"GErtWA3E0EAkPdLVSMMKaTwdGop.ID96-dYnQOJ27EVQlc-4XXW72FgUfsq"}
      ],
      "Country":{"_value":"ISLE OF MAN"},
      "Latitude":{"_value":"z4hd"},
      "Longitude":{"_value":"DUgVcKxJsRZ"},
      "BeginDate":{"_value":"2014-07-25"},
      "EndDate":{"_value":"2014-09-16"}
    },
    {
      "a_AddressType":"Billing",
      "StreetNumberName":{"_value":"PlbOVaN1_rN8KdqrFz3k7qa"},
      "ApartmentRoomSuiteNumber":{"_value":"jfhCywhX"},
      "BuildingSiteNumber":{"_value":"E.Tng4x."},
      "City":{"_value":"qKOS8Sv-A"},
      "StateAbbreviation":{"_value":"IN"},
      "PostalCode":{"_value":"i"},
      "NameOfCounty":{"_value":"t0HUUo-wDmOjr-azcMVVs"},
      "CountyFIPSCode":{"_value":"huY"},
      "Latitude":{"_value":"n6MCMB-9OH2tnJmuq"},
      "Longitude":{"_value":"xjwr"},
      "BeginDate":{"_value":"2013-07-31"},
      "EndDate":{"_value":"2014-10-23"}
    }
  ],
  "Telephone":[
    {
      "a_TelephoneNumberType":"Other",
      "a_PrimaryTelephoneNumberIndicator":false,
      "TelephoneNumber":{"_value":"LGokZ0bnhCZlB6DGCucj"}
    },
    {
      "a_TelephoneNumberType":"Unlisted",
      "a_PrimaryTelephoneNumberIndicator":true,
      "TelephoneNumber":{"_value":"BS6dJUYOqpT"}
    },
    {
      "a_TelephoneNumberType":"Work",
      "a_PrimaryTelephoneNumberIndicator":true,
      "TelephoneNumber":{"_value":"rWZJi4JWn.bRsXMIL4h"}
    },
    {
      "a_TelephoneNumberType":"Home",
      "a_PrimaryTelephoneNumberIndicator":false,
      "TelephoneNumber":{"_value":"LsFsqNQjvWm"}
    },
    {
      "a_TelephoneNumberType":"Emergency 1",
      "a_PrimaryTelephoneNumberIndicator":true,
      "TelephoneNumber":{"_value":"S.o.pySuIY1InCvg43"}
    },
    {
      "a_TelephoneNumberType":"Other",
      "a_PrimaryTelephoneNumberIndicator":false,
      "TelephoneNumber":{"_value":"GnzTEq2w6NvQkEo"}
    }
  ],
  "ElectronicMail":[
    {
      "a_EmailAddressType":"Home/Personal",
      "EmailAddress":{"_value":"vEXUPjJCFOVovwHHKDx9SVqBRdt-X2Io_.iL68Tx0rlpFIFSaTi4_wNHIQfq1pXMVCJ9Aek2.zTSSx821zW__O_16_0auAe6MBO"}
    },
    {
      "a_EmailAddressType":"Home/Personal",
      "EmailAddress":{"_value":"ZLrWP9b9Nog8fOy0H_cMBO8IY3gi_GNQSHzT0WDjgL04vzCAv237oMeBegnLhFInJtakOJYS.bXDe-CcPKirITZpSxPjTXJVj0qZFVXgIi.e."}
    },
    {
      "a_EmailAddressType":"Organization",
      "EmailAddress":{"_value":"Y6m4YNAhhQ3."}
    },
    {
      "a_EmailAddressType":"Organization",
      "EmailAddress":{"_value":"Z1swizsfFYcYxeHbluxJt5Zh7vVI_n3UT6O6wAlGOSPDJJFBg0Md5v"}
    },
    {
      "a_EmailAddressType":"Home/Personal",
      "EmailAddress":{"_value":"zel8tlSqBfF1FZH8I4p34UNkW9jbaRs5RjhGLoDsOUYZ4lHm3cDWxHq0Di5Y"}
    },
    {
      "a_EmailAddressType":"Other",
      "EmailAddress":{"_value":"j3Fmio-Y3E_8l_RZpO1aIbAj5lxI7yJezO_4u1uYvZ"}
    }
  ],
  "HispanicLatinoEthnicity":{"_value":false},
  "OldEthnicity":{"_value":"Asian Or Pacific Islander"},
  "Race":{
    "RacialCategory":[
      {"_value":"Asian"},
      {"_value":"American Indian - Alaskan Native"},
      {"_value":"American Indian - Alaskan Native"},
      {"_value":"Native Hawaiian - Pacific Islander"},
      {"_value":"Black - African American"},
      {"_value":"White"}
    ]
  },
  "HighestLevelOfEducationCompleted":{"_value":"Master's"},
  "YearsOfPriorProfessionalExperience":{"_value":-849319750},
  "YearsOfPriorTeachingExperience":{"_value":-1690819928},
  "Credentials":[
    {
      "CredentialType":{"_value":"Other"},
      "CredentialField":{
        "a_id":"ID003",
        "a_ref":"ID002",
        "CodeValue":{"_value":"g7x"}
      },
      "Level":{"_value":"Early Childhood (PK-K)"},
      "TeachingCredentialType":{"_value":"Other"},
      "CredentialIssuanceDate":{"_value":"2015-01-01"},
      "CredentialExpirationDate":{"_value":"2014-05-10"},
      "TeachingCredentialBasis":{"_value":"5-year bachelor's degree"}
    },
    {
      "CredentialType":{"_value":"Registration"},
      "CredentialField":{
        "a_id":"ID005",
        "a_ref":"ID005",
        "Description":{"_value":"GlaoNznrYrK8IY9sPN7HvCuI6x5nbcpDAsqiuZRl5G6YC3"}
      },
      "Level":{"_value":"Elementary (Grade Level EC-4)"},
      "TeachingCredentialType":{"_value":"Master"},
      "CredentialIssuanceDate":{"_value":"2014-03-10"},
      "CredentialExpirationDate":{"_value":"2013-05-26"},
      "TeachingCredentialBasis":{"_value":"Master's degree"}
    },
    {
      "CredentialType":{"_value":"Certification"},
      "CredentialField":{
        "a_id":"ID007",
        "a_ref":"ID007",
        "Description":{"_value":"j7vF-dVkkck7J0F.V9GOY4eyJ-R6L-JlZKE15NDFVUHex2vCiwnnLRq9VR2U.IZO5bDzE3digiBrCxbSvEyIdOvbbj.c_FNch9u3-IxEZLwByXCp17e2-BEWeJf"}
      },
      "Level":{"_value":"Elementary (Grade Level 1-6)"},
      "TeachingCredentialType":{"_value":"Retired"},
      "CredentialIssuanceDate":{"_value":"2014-02-11"},
      "CredentialExpirationDate":{"_value":"2014-10-30"},
      "TeachingCredentialBasis":{"_value":"5-year bachelor's degree"}
    },
    {
      "CredentialType":{"_value":"Endorsement"},
      "CredentialField":{
        "a_id":"ID009","a_ref":"ID005",
        "CodeValue":{"_value":"TJRRBlEsS15"}
      },
      "Level":{"_value":"Elementary (Grade Level PK-5)"},
      "TeachingCredentialType":{"_value":"Provisional"},
      "CredentialIssuanceDate":{"_value":"2013-08-16"},
      "CredentialExpirationDate":{"_value":"2013-03-11"},
      "TeachingCredentialBasis":{"_value":"4-year bachelor's degree"}
    },
    {
      "CredentialType":{"_value":"Other"},
      "CredentialField":{
        "a_id":"ID011",
        "a_ref":"ID006",
        "CodeValue":{"_value":"V"}
      },
      "Level":{"_value":"Elementary (Grade Level PK-6)"},
      "TeachingCredentialType":{"_value":"Visiting International Teacher"},
      "CredentialIssuanceDate":{"_value":"2013-03-17"},
      "CredentialExpirationDate":{"_value":"2014-05-01"},
      "TeachingCredentialBasis":{"_value":"Relevant experience"}
    },
    {
      "CredentialType":{"_value":"Registration"},
      "CredentialField":{
        "a_id":"ID013",
        "a_ref":"ID000",
        "Description":{"_value":"Eyc-IcSKB0beCGkySZftVZmRMJnlb9FEbMZMYAxkZi7AykW72DiFwL0o7TgfPvUtgz2zsJ.54085gmLyAu4fz97x_K_a1I5a9VZGnfKx9RkTzQ7DL4vjFGCku6n5"}
      },
      "Level":{"_value":"Elementary (Grade Level 1-6)"},
      "TeachingCredentialType":{"_value":"Unknown"},
      "CredentialIssuanceDate":{"_value":"2014-07-09"},
      "CredentialExpirationDate":{"_value":"2013-12-10"},
      "TeachingCredentialBasis":{"_value":"Special/alternative program completion"}
    }
  ],
  "LoginId":{"_value":"HS7.sg9kDk4qdI6-bR9HwIBb2TwhNXZ7065YKLic"}
}
