{
  "@id":"ID003",
  "ParentUniqueStateId":{
    "_value":"L0CRWfT6iKxuBlI-_3DHMRQ"
  },
  "Name":{
    "@Verification":"Life insurance policy",
    "PersonalTitlePrefix":{
      "_value":"Sr"
    },
    "FirstName":{
      "_value":"qPN1QmqDdNt2oGlEkJL"
    },
    "MiddleName":{
      "_value":"G5rY1qTTtbadAYw3G0lrgpHuAUY-lvBMu_A6DbNkJSGCZZ6VDzK.xvRTfvO"
    },
    "LastSurname":{
      "_value":"NNTCJstdqruOQ6K9"
    },
    "GenerationCodeSuffix":{
      "_value":"VI"
    },
    "MaidenName":{
      "_value":"FqyUP4fSrqqny4Ay_G8XaYYbwWCnb_gY"
    }
  },
  "OtherName":[
    {
      "@OtherNameType":"Alias",
      "PersonalTitlePrefix":{
        "_value":"Mrs"
      },
      "FirstName":{
        "_value":"SOEFxP1-8AVUjFr3b_d_RVwsK"
      },
      "MiddleName":{
        "_value":"hsDvxcxC-KeruW-zaHns3oaG2FwxcQQjmQX87K8TPChubfs0I96rx5uf.IeEr"
      },
      "LastSurname":{
        "_value":"vR0YGhFyws2fWviMzo-"
      },
      "GenerationCodeSuffix":{
        "_value":"Sr"
      }
    },
    {
      "@OtherNameType":"Alias",
      "PersonalTitlePrefix":{
        "_value":"Sister"
      },
      "FirstName":{
        "_value":"J-eU4orLu.5d_w-tBJKOfmqbVZYUxXTgvJp_ursTUQr5u74ypJ76zEb-xDw"
      },
      "MiddleName":{
        "_value":"Qh4eIcw-PkYgO0N3FSKLxgrUfC3qluAcv2p8FD4aOWYs"
      },
      "LastSurname":{
        "_value":"njtct7g3pC5d"
      },
      "GenerationCodeSuffix":{
        "_value":"VII"
      }
    }
  ],
  "Sex":{
    "_value":"Female"
  },
  "Address":[
    {
      "@AddressType":"Mailing",
      "AddressLine":[
        {
          "_value":"TdCVN8RLefbvfv8K-xAntOId3M0sASnso5nwnlk-M3NUOH6w4nUDlp4IcqIWLLjBSwp7o"
        },
        {
          "_value":"VBmxxBB9v_ZHe3NrWaXRyqx2gUE"
        }
      ],
      "Country":{
        "_value":"CANADA"
      },
      "Latitude":{
        "_value":"deB6kPdObUK-kM_"
      },
      "Longitude":{
        "_value":"GWe"
      },
      "BeginDate":{
        "_value":"2014-01-25"
      },
      "EndDate":{
        "_value":"2014-07-09"
      }
    },
    {
      "@AddressType":"Billing",
      "StreetNumberName":{
        "_value":"r"
      },
      "ApartmentRoomSuiteNumber":{
        "_value":"geAcoxDH2IoL9WFheP7d"
      },
      "BuildingSiteNumber":{
        "_value":"xNrLneiPUy4wTs.mOBO."
      },
      "City":{
        "_value":"jBsbclSdC5kXqGHeW"
      },
      "StateAbbreviation":{
        "_value":"UT"
      },
      "PostalCode":{
        "_value":"IbqD"
      },
      "NameOfCounty":{
        "_value":"OQdr-Rzbo9PGXUubI60rMVHR"
      },
      "CountyFIPSCode":{
        "_value":"WLwKp"
      },
      "Latitude":{
        "_value":"J"
      },
      "Longitude":{
        "_value":"A9K3PUcHCSG7N"
      },
      "BeginDate":{
        "_value":"2013-12-29"
      },
      "EndDate":{
        "_value":"2013-04-06"
      }
    }
  ],
  "Telephone":[
    {
      "@PrimaryTelephoneNumberIndicator":"0",
      "@TelephoneNumberType":"Unlisted",
      "TelephoneNumber":{
        "_value":"vq4"
      }
    },
    {
      "@PrimaryTelephoneNumberIndicator":"0",
      "@TelephoneNumberType":"Emergency 1",
      "TelephoneNumber":{
        "_value":"gPvWtP6k6VBSVJqUh"
      }
    }
  ],
  "ElectronicMail":[
    {
      "@EmailAddressType":"Work",
      "EmailAddress":{
        "_value":"vj9ZXsMdvOCTifTMe36G5cV9fYmVp9x"
      }
    },
    {
      "@EmailAddressType":"Other",
      "EmailAddress":{
        "_value":"uREWY5bBJLSnbgbCzRnwVHSGSg"
      }
    }
  ],
  "LoginId":{
    "_value":"SshLa9d5WPUqDQnoUks4kd.HFuTtODf0BGWxrdz5"
  }
}
