            <GradingPeriodReference>
                <GradingPeriodIdentity>
                    <GradingPeriod>
                        Third Six Weeks
                    </GradingPeriod>
                </GradingPeriodIdentity>
            </GradingPeriodReference>