                <LearningStandardIdentity>
                    <LearningStandardId ContentStandardName="CSID">
                        <IdentificationCode>
                            RI.11-12.1
                        </IdentificationCode>
                    </LearningStandardId>
                </LearningStandardIdentity>