{
  "@id":"ID009",
  "GradingPeriod":{
    "_value":"Sixth Six Weeks"
  },
  "SchoolYear":{
    "_value":"2009-2010"
  },
  "EducationOrganizationReference":{
    "EducationalOrgIdentity":{
      "StateOrganizationId":{
        "_value":"J..1bKVFuQV4yn7xK"
      }
    }
  },
  "EndDate":{
    "_value":"2013-05-01"
  },
  "BeginDate":{
    "_value":"2014-04-22"
  },
  "CalendarDateReference":[
    {
      "CalendarDateIdentity":{
        "Date":{
          "_value":"2014-06-09"
        },
        "EducationOrgReference":{
          "EducationalOrgIdentity":{
            "StateOrganizationId":{
              "_value":"gg0ssCxSVgFHrRvxVDQST8TX.raagr634T1HIU9Bbs_dU3cORd97wS9aE."
            }
          }
        }
      }
    },
    {
      "CalendarDateIdentity":{
        "Date":{
          "_value":"2013-12-26"
        },
        "EducationOrgReference":{
          "EducationalOrgIdentity":{
            "StateOrganizationId":{
              "_value":"Q_"
            }
          }
        }
      }
    }
  ],
  "TotalInstructionalDays":{
    "_value":"1108330730"
  }
}
