<AssessmentFamilyIdentity>
    <AssessmentFamilyIdentificationCode
    IdentificationSystem="Test Contractor"
    AssigningOrganizationCode="Test Org">
        <ID>ACT</ID>
    </AssessmentFamilyIdentificationCode>
    <AssessmentFamilyTitle>ACT</AssessmentFamilyTitle>
    <Version>Ver</Version>
</AssessmentFamilyIdentity>