{
  "HispanicLatinoEthnicity":{
    "_value":false
  },
  "HomeLanguages":{
    "Language":[
      {
        "_value":"Shona"
      },
      {
        "_value":"Estonian"
      }
    ]
  },
  "Telephone":[
    {
      "TelephoneNumberType":"Unlisted",
      "TelephoneNumber":{
        "_value":"Ui"
      },
      "PrimaryTelephoneNumberIndicator":"0"
    },
    {
      "TelephoneNumberType":"Emergency 1",
      "TelephoneNumber":{
        "_value":"rO2M2JWseTfFx"
      },
      "PrimaryTelephoneNumberIndicator":"true"
    }
  ],
  "LoginId":{
    "_value":"wu"
  },
  "EconomicDisadvantaged":{
    "_value":true
  },
  "LimitedEnglishProficiency":{
    "_value":"Limited Monitored 1"
  },
  "StudentUniqueStateId":{
    "_value":"y"
  },
  "id":"ID001",
  "Section504Disabilities":{
    "Section504Disability":[
      {
        "_value":"Attention Deficit Hyperactivity Disorder (ADHD)"
      },
      {
        "_value":"Sensory Impairment"
      }
    ]
  },
  "ProgramParticipations":[
    {
      "DesignatedBy":{
        "_value":"r2s5i1QKFmyaJju-wffTteHnVKxKV_gMsyMXPEs.P"
      },
      "EndDate":{
        "_value":"2014-02-18"
      },
      "BeginDate":{
        "_value":"2014-09-15"
      },
      "Program":{
        "_value":"Counseling Services"
      }
    },
    {
      "DesignatedBy":{
        "_value":"dah9"
      },
      "EndDate":{
        "_value":"2014-11-09"
      },
      "BeginDate":{
        "_value":"2013-10-18"
      },
      "Program":{
        "_value":"Gifted and Talented"
      }
    }
  ],
  "LearningStyles":{
    "TactileLearning":{
      "_value":"575730842"
    },
    "AuditoryLearning":{
      "_value":"-1775505321"
    },
    "VisualLearning":{
      "_value":"-1563447277"
    }
  },
  "ProfileThumbnail":{
    "_value":"bto_x1XGyV8XAV75VNs08SUoPDN3Rj4jvBBtKkmWCtJJtP"
  },
  "StudentCharacteristics":[
    {
      "Characteristic":{
        "_value":"Section 504 Handicapped"
      },
      "DesignatedBy":{
        "_value":"_BP4_fHzfNQyBMRmcEbSr4.AmARzobJirsU020uslFHyxW"
      },
      "EndDate":{
        "_value":"2013-05-20"
      },
      "BeginDate":{
        "_value":"2013-10-13"
      }
    },
    {
      "Characteristic":{
        "_value":"Displaced Homemaker"
      },
      "DesignatedBy":{
        "_value":"MA4FkV1GnnYuwWTyBcKf_2"
      },
      "EndDate":{
        "_value":"2014-05-06"
      },
      "BeginDate":{
        "_value":"2013-03-12"
      }
    }
  ],
  "Disabilities":[
    {
      "OrderOfDisability":{
        "_value":-151858908
      },
      "DisabilityDiagnosis":{
        "_value":"B2Noi36izSq8ciqqHXFP4zOiA_uEkvymoq2naSDZF_ksFLtAgsRneZrdGxiSsG1lgxtgTcNyyBt-S"
      },
      "Disability":{
        "_value":"Orthopedic Impairment"
      }
    },
    {
      "OrderOfDisability":{
        "_value":-1881897292
      },
      "DisabilityDiagnosis":{
        "_value":"z2EnT"
      },
      "Disability":{
        "_value":"Infants and Toddlers with Disabilities"
      }
    }
  ],
  "DisplacementStatus":{
    "_value":"ANop3NggFz"
  },
  "OtherName":[
    {
      "MiddleName":{
        "_value":"yhf4QJPn0"
      },
      "PersonalTitlePrefix":{
        "_value":"Colonel"
      },
      "LastSurname":{
        "_value":"bh"
      },
      "FirstName":{
        "_value":"Qe-o6ifV1-SJilQh5BaNAdpbsbBnr3-9Sheb5LPnNTFblekhZ9P1eoV2mmDr"
      },
      "GenerationCodeSuffix":{
        "_value":"VIII"
      },
      "OtherNameType":"Previous Legal Name"
    },
    {
      "MiddleName":{
        "_value":"TpZQV_"
      },
      "PersonalTitlePrefix":{
        "_value":"Mrs"
      },
      "LastSurname":{
        "_value":"_iKaKdPUr8hSEEKlh6.S3bPzz536kHrNLukBYQy-.Ao-v_7SM"
      },
      "FirstName":{
        "_value":"tAL6r_XDP9MrpLJrk.QZ62emrG7uo0Qh4zPKt4CIT0aVMfW.WCEa"
      },
      "GenerationCodeSuffix":{
        "_value":"V"
      },
      "OtherNameType":"Nickname"
    }
  ],
  "StudentIdentificationCode":[
    {
      "AssigningOrganizationCode":"XJo-xQ.tcIYkXhRPQ7gZXGv",
      "IdentificationSystem":"SSN",
      "IdentificationCode":{
        "_value":"qVDzEH4OYsrbM__ZnGSF93BSrryuXJrRKOAi9QE_vfe2iWCSWvHFf5F"
      }
    },
    {
      "AssigningOrganizationCode":"WrwF0N_U-Nob0t1Uw-DLUVDsXTZsu8B1j5oAhvu8",
      "IdentificationSystem":"National Migrant",
      "IdentificationCode":{
        "_value":"u-k3E7jeCiTNGZnJkRSwaE3n"
      }
    }
  ],
  "CohortYears":[
    {
      "CohortYearType":"Ninth grade",
      "SchoolYear":{
        "_value":"2018-2019"
      }
    },
    {
      "CohortYearType":"Ninth grade",
      "SchoolYear":{
        "_value":"1998-1999"
      }
    }
  ],
  "StudentIndicators":[
    {
      "DesignatedBy":{
        "_value":"DH5pTRpmrjg8w_iybBu36BojW2YAZ7XViLiD9TowA5XuBIc7epUxJlwy"
      },
      "Indicator":{
        "_value":"dDZ3qnHhT4A"
      },
      "EndDate":{
        "_value":"2013-10-05"
      },
      "BeginDate":{
        "_value":"2013-09-17"
      },
      "IndicatorName":{
        "_value":"G3ufZSDowR6qIAvQSpeiqNauOgp-3oHFFGATZkHYDR"
      },
      "IndicatorGroup":{
        "_value":"bY_jt4W6wj1s7LbVRWdR6p7aQ2"
      }
    },
    {
      "DesignatedBy":{
        "_value":"b76YI7_A_zqT1hyoFv8QIx65xyJ_hO7XyEcXpCXy.eml5qVsreQ"
      },
      "Indicator":{
        "_value":"l_4hooRE1esJ_nP"
      },
      "EndDate":{
        "_value":"2013-04-23"
      },
      "BeginDate":{
        "_value":"2015-01-31"
      },
      "IndicatorName":{
        "_value":"PQ3L8GymlwP8D_qjSkZ77MjRZ_rbIh6jdW2bwk0Sc5GZO8"
      },
      "IndicatorGroup":{
        "_value":"v"
      }
    }
  ],
  "Sex":{
    "_value":"Male"
  },
  "SchoolFoodServicesEligibility":{
    "_value":"Reduced price"
  },
  "Race":{
    "RacialCategory":[
      {
        "_value":"Black - African American"
      },
      {
        "_value":"Asian"
      }
    ]
  },
  "BirthData":{
    "DateEnteredUS":{
      "_value":"2013-05-08"
    },
    "CityOfBirth":{
      "_value":"mGT.24sf7-6G_gBf.TQ_Fu1AuKeTKu"
    },
    "StateOfBirthAbbreviation":{
      "_value":"MO"
    },
    "CountryOfBirthCode":{
      "_value":"SR"
    },
    "BirthDate":{
      "_value":"2014-07-16"
    },
    "MultipleBirthStatus":{
      "_value":false
    }
  },
  "OldEthnicity":{
    "_value":"White, Not Of Hispanic Origin"
  },
  "Languages":{
    "Language":[
      {
        "_value":"Kickapoo"
      },
      {
        "_value":"Sindhi"
      }
    ]
  },
  "Name":{
    "MaidenName":{
      "_value":"Uy_Kzaf7aQoXmEG0h"
    },
    "MiddleName":{
      "_value":"uEbpb0MIuagRwAJSNlVb1UYEO-raPJ.pRsoqm8xU2kdtnWtUFLiU7D4"
    },
    "PersonalTitlePrefix":{
      "_value":"Mr"
    },
    "LastSurname":{
      "_value":"jvb8mZ_dmOqnjDV5EeigE7XbMpRPbUbyVCK_SZinYq6jlQDw"
    },
    "Verification":"State-issued ID",
    "FirstName":{
      "_value":"WbCbOEep1yHTV8YIs5V"
    },
    "GenerationCodeSuffix":{
      "_value":"VII"
    }
  },
  "Address":[
    {
      "EndDate":{
        "_value":"2014-09-23"
      },
      "BeginDate":{
        "_value":"2013-06-21"
      },
      "Latitude":{
        "_value":"uPWeq-r5o2lQf3yO"
      },
      "AddressLine":[
        {
          "_value":"dXZ5533XWSfZbG-0UND0V"
        },
        {
          "_value":"AJKb5j_DrfAIzq7wDrr2KFuEkEeMaJ7b3q_p0ktLYJwxvhXTdf"
        }
      ],
      "Longitude":{
        "_value":"QQ8zO8LXeECCe"
      },
      "AddressType":"Other",
      "Country":{
        "_value":"UGANDA"
      }
    },
    {
      "CountyFIPSCode":{
        "_value":"n1A"
      },
      "PostalCode":{
        "_value":"KM1ZoQg"
      },
      "BuildingSiteNumber":{
        "_value":"iA8FsJGIZWPhcmoU."
      },
      "StreetNumberName":{
        "_value":"MbpAM.lbDpGGZJlo6BeNT3nUaTLfTladqrnW"
      },
      "NameOfCounty":{
        "_value":"ilkuflZ5BCPil6cAp"
      },
      "StateAbbreviation":{
        "_value":"CA"
      },
      "ApartmentRoomSuiteNumber":{
        "_value":"kbHbvGCiq4thEk"
      },
      "AddressType":"Physical",
      "City":{
        "_value":"CJFOa1bT_e_-tB3A"
      }
    }
  ],
  "ElectronicMail":[
    {
      "EmailAddress":{
        "_value":"N_dw6BBG6taWtMKG"
      },
      "EmailAddressType":"Organization"
    },
    {
      "EmailAddress":{
        "_value":"WebZ-qm847iIH5_z0q3.OjK"
      },
      "EmailAddressType":"Work"
    }
  ]
}
