                <LearningObjectiveIdentity>
                    <LearningObjectiveId ContentStandardName="CSN">
                        <IdentificationCode>
                            RI-11-12
                        </IdentificationCode>
                    </LearningObjectiveId>

                    <Objective>
                        Reading: Informational Text
                    </Objective>

                </LearningObjectiveIdentity>