{
  "a_id":"ID001",
  "AssessmentFamilyTitle":{"_value":"HOjhWE6_IG1Anxl5"},
  "AssessmentFamilyIdentificationCode":[{
    "a_IdentificationSystem":"School",
    "a_AssigningOrganizationCode":"WLQ",
    "ID":{"_value":"Jr"}
  }],
  "AssessmentCategory":{"_value":"Mental ability (intelligence) test"},
  "AcademicSubject":{"_value":"Composite"},
  "GradeLevelAssessed":{"_value":"Grade 13"},
  "LowestGradeLevelAssessed":{"_value":"Tenth grade"},
  "ContentStandard":{"_value":"Advanced Placement"},
  "Version":-1164435820,
  "RevisionDate":{"_value":"2014-05-09"},
  "Nomenclature":{"_value":"Kfr87Oas"},
  "AssessmentPeriods":[{
    "a_id":"ID003",
    "a_ref":"ID003",
    "CodeValue":{"_value":"WPhxGcxrV"}
  }],
  "AssessmentFamilyReference":{
    "a_id":"ID005",
    "a_ref":"ID002",
    "AssessmentFamilyIdentity":{
      "AssessmentFamilyIdentificationCode":[{
        "a_IdentificationSystem":"District",
        "a_AssigningOrganizationCode":"u.zXl85h0sKc9w9DUEiQLUX1s5H8Bs",
        "ID":{"_value":"kkG3hnH"}
      }]
    }
  }
}