{
  "a_id":"ID001",
  "AssessmentReference":{
    "a_id":"ID003",
    "a_ref":"ID001",
    "AssessmentIdentity":{
      "AssessmentTitle":{"_value":"vj8zbHeMTeYFobCU0TF21q-Cy8n"},
      "AcademicSubject":{"_value":"Hospitality and Tourism"},
      "GradeLevelAssessed":{"_value":"Tenth grade"},
      "Version":{"_value":-1179495731}
    }
  },
  "IdentificationCode":{"_value":"M3Pfl1._SPeQLaKiJiEqcQIZTPBpGJstVLq03QwcjJdiGwBWe_"},
  "ItemCategory":{"_value":"Matching"},
  "MaxRawScore":{"_value":-1973159586},
  "CorrectResponse":{"_value":"X3uT5DZ"},
  "LearningStandardReference":[{
    "LearningStandardIdentity":{
      "IdentificationCode":{"_value":"gpF8VKfk7Gf4.vEuUdv9n.I3iGiMucJ7"}
    }
  }],
  "Nomenclature":{"_value":"JdVo8tkNO"}
}
