{
  "@id":"ID001",
  "CodeValue":{"_value":"Ph.p"},
  "Description":{"_value":"Q.3vp-iteadfawBE4nKNIM8nrIMqjx9c9ECfa_FEyFh8.du6SXZTUHxBdEb0ioS-AaJ3h:p8vswGncsABZt2IIrF_EvuMKL7aGg8v75b3IZcVF1N49-CqBVWoA8bp4qzJpcqrdSuHkqtKCms12rxc41gr9pjzv3JXwv5nJB4yYS5goq5:V4"},
  "ShortDescription":{"_value":"qErUBbhashENMUs-"},
  "BeginDate":{"_value":"2014-03-23"},
  "EndDate":{"_value":"2014-12-03"}
}