{
  "a_id":"ID001",
  "LearningStandardId":{
    "a_ContentStandardName":"P7D1FD",
    "IdentificationCode":{"_value":"KkPmmofIfuW1"}
  },
  "Description":{"_value":"l_BDs1R6HA5bfnj"},
  "ContentStandard":{"_value":"International Baccalaureate"},
  "GradeLevel":{"_value":"Seventh grade"},
  "SubjectArea":{"_value":"ELA"},
  "CourseTitle":{"_value":"O0j"}
}