{
  "a_id":"ID001",
  "IdentificationCode":{"_value":"HJDowIqe5ynYf-a"},
  "MaxRawScore":-616777533,
  "AssessmentPerformanceLevel":[{
    "PerformanceLevel":{
      "a_id":"ID003",
      "a_ref":"ID002",
      "CodeValue":{"_value":"Wsv8Xq4AlZ_JQFnv"},
      "PerformanceLevelMet":true
    },
    "AssessmentReportingMethod":{"_value":"Z-score"},
    "MinimumScore":-198225122,
    "MaximumScore":273522200
  }],
  "PercentOfAssessment":-379146788,
  "Nomenclature":{"_value":"J"},
  "AssessmentItemReference":[{
    "a_id":"ID005",
    "a_ref":"ID002"
  }],
  "LearningObjectiveReference":[{
      "LearningObjectiveIdentity":{
        "Objective":{"_value":"piv"},
        "AcademicSubject":{"_value":"Communication and Audio/Visual Technology"},
        "ObjectiveGradeLevel":{"_value":"Preschool/Prekindergarten"}
      }
  }],
  "LearningStandardReference":[{
    "LearningStandardIdentity":{
      "IdentificationCode":{"_value":"HTDJdlX-7HbFcSUxFiBPLj6iODRUFJDSrsdKLkR6H-DeyW-9"}
    }
  }],
  "ObjectiveAssessmentReference":[{
    "ObjectiveAssessmentIdentity":{
      "ObjectiveAssessmentIdentificationCode":{"_value":"VZDSaOEQ6c5j2J.taMsH15xtlDp_OuPqujkxHwkLHQyrSG"}
    }
  }]
}