            <StaffIdentity>
                <StaffUniqueStateId>cgray</StaffUniqueStateId>
            </StaffIdentity>